Script started on 2024-01-18 17:06:12-05:00
bash-4.4$ date
Thu Jan 18 17:06:19 EST 2024
bash-4.4$ uname -a
Linux zeus-2.cec.gmu.edu 4.18.0-348.23.1.el8_5.x86_64 #1 SMP Tue Apr 12 11:20:32 EDT 2022 x86_64 x86_64 x86_64 GNU/Linux
bash-4.4$ pwd
/home/jsingh51/CS262/lab1_jsingh51_201
bash-4.4$ ls
lab1_jsingh51_201.c  lab1Script_jsingh51_201  Makefile
bash-4.4$ cat lab1)[K_jsingh51_201.c 
/* 

Jared Singh, G01416039
CS 262, Lab Section 201

Lab1: C version of "Hello World!"

*/

#include <stdio.h>

int main(){
	char name[100] = "Jared";
	printf("Hello World!n my name is %s\n",name);
	return 0;
}
bash-4.4$ vim lab1[K1_jsingh51_201.c 
[?2004h[?1049h[22;0;0t[?1h=[?2004h[1;50r[?12h[?12l[27m[23m[29m[m[H[2J[?25l[50;1H"lab1_jsingh51_201.c" [dos] 16L, 227C[2;1Hâ–½[6n[2;1H  [1;1H[>c]10;?]11;?[1;1H[34m/* 

Jared Singh, G01416039
CS [m[31m262[m[34m, Lab Section [m[31m201[m

[34mLab1: C version of [m[31m"Hello World!"[m

[34m*/[m

[35m#include [m[31m<stdio.h>[m

[32mint[m main(){[13;9H[32mchar[m name[[31m100[m] = [31m"Jared"[m;[14;9Hprintf([31m"Hello World!n my name is [m[35m%s\n[m[31m"[m,name);[15;9H[38;5;130mreturn[m [31m0[m;
}
[94m~                                                                                                                                                                                  [18;1H~                                                                                                                                                                                  [19;1H~                                                                                                                                                                                  [20;1H~                                                                                                                                                                                  [21;1H~                                                                                                                                                                                  [22;1H~                                                                                                                                                                                  [23;1H~                                                                                                                                                                                  [24;1H~                                                                                                                                                                                  [25;1H~                                                                                                                                                                                  [26;1H~                                                                                                                                                                                  [27;1H~                                                                                                                                                                                  [28;1H~                                                                                                                                                                                  [29;1H~                                                                                                                                                                                  [30;1H~                                                                                                                                                                                  [31;1H~                                                                                                                                                                                  [32;1H~                                                                                                                                                                                  [33;1H~                                                                                                                                                                                  [34;1H~                                                                                                                                                                                  [35;1H~                                                                                                                                                                                  [36;1H~                                                                                                                                                                                  [37;1H~                                                                                                                                                                                  [38;1H~                                                                                                                                                                                  [39;1H~                                                                                                                                                                                  [40;1H~                                                                                                                                                                                  [41;1H~                                                                                                                                                                                  [42;1H~                                                                                                                                                                                  [43;1H~                                                                                                                                                                                  [44;1H~                                                                                                                                                                                  [45;1H~                                                                                                                                                                                  [46;1H~                                                                                                                                                                                  [47;1H~                                                                                                                                                                                  [48;1H~                                                                                                                                                                                  [49;1H~                                                                                                                                                                                  [m[50;162H3,14[10CAll[3;14H[?25h[?12$p[?25l[50;152Hi[3;14H[50;152H [3;14H[50;1H[1m-- INSERT --[m[50;13H[K[50;162H3,14[10CAll[3;14H[?25h[?25l[50;162H2,1 [2;1H[?25h[?25l[50;162H3,14[3;14H[?25h[?25l[50;162H4[4;14H[?25h[?25l[50;162H5,1 [5;1H[?25h[?25l[50;162H6,14[6;14H[?25h[?25l[50;162H7,1 [7;1H[?25h[?25l[50;162H8,3[8;3H[?25h[?25l[50;162H9,1[9;1H[?25h[?25l[50;162H10,14[10;14H[?25h[?25l[50;163H1,1 [11;1H[?25h[?25l[12;11H[106m{[16;1H}[m[50;163H2,12[12;12H[?25h[?25l{[16;1H}[50;163H3,7-14[13;14H[?25h[?25l[50;165H8-15[13;15H[?25h[?25l[14;15H[106m([36C)[m[50;163H4[14;15H[?25h[?25l[50;165H9-16[14;16H[?25h[?25l([36C)[50;165H10-17[14;17H[?25h[?25l[50;166H1-18[14;18H[?25h[?25l[50;166H2-19[14;19H[?25h[?25l[50;166H3-20[14;20H[?25h[?25l[50;166H4-21[14;21H[?25h[?25l[50;166H5-22[14;22H[?25h[?25l[50;166H6-23[14;23H[?25h[?25l[50;166H7-24[14;24H[?25h[?25l[50;166H8-25[14;25H[?25h[?25l[50;166H9-26[14;26H[?25h[?25l[50;165H20-27[14;27H[?25h[?25l[50;166H1-28[14;28H[?25h[?25l[50;166H2-29[14;29H[?25h[?25l[50;166H3-30[14;30H[?25h[?25l[31m my name is [m[35m%s\n[m[31m"[m,name);[14;53H[K[50;166H2-29[14;29H[?25h[50;1H[K[14;28H[?25l[50;152H^[[14;28H[50;152H  [14;29H[50;162H14,21-28      All[14;28H[?25h[?25l[50;152H:[14;28H[50;152H[K[50;1H:[?2004h[?25hw[?25l[?25hq[?25l[?25h[?25l[?2004l"lab1_jsingh51_201.c" [dos] 16L, 226C written
[?2004l[?1l>[?25h[?1049l[23;0;0tbash-4.4$ vim lab1_jsingh51_201.c [C[C[C[C[C[C[C[C[C[Ccat[C[C[C[C[C[C[C[C[C[C[C[C[C[C[C[C[C[C[C[C[C
/* 

Jared Singh, G01416039
CS 262, Lab Section 201

Lab1: C version of "Hello World!"

*/

#include <stdio.h>

int main(){
	char name[100] = "Jared";
	printf("Hello World! my name is %s\n",name);
	return 0;
}
bash-4.4$ make all
gcc lab1_jsingh51_201.c -o lab1_jsingh51_201 -Wall
bash-4.4$ ls
lab1_jsingh51_201  lab1_jsingh51_201.c	lab1Script_jsingh51_201  Makefile
bash-4.4$ lab1_jsingh51_201
bash: lab1_jsingh51_201: command not found
bash-4.4$ lab1_jsingh51_201glab1_jsingh51_201[C[C[C[C[C[C[C[C[C[C[Cclab1_jsingh51_201[C[C[C[C[C[C[C[C[C[C[C[Cclab1_jsingh51_201[C[C[C[C[C[C[C[C[C[C[C[C[C lab1_jsingh51_201[C[C[C[C[C[C[C[C[C[C[C[C[C[C[C[C[1Plab1_jsingh51_201[C[C[C[C[C[C[C[C[C[C[C[C[C[1Plab1_jsingh51_201[C[C[C[C[C[C[C[C[C[C[C[C[1Plab1_jsingh51_201[C[C[C[C[C[C[C[C[C[C[C[1Plab1_jsingh51_201[C[C[C[C[C[C[C[C[C[C[C[C[C[C[C[C[C[C[C[C[C[C[C[C[C[C[C
bash: lab1_jsingh51_201: command not found
bash-4.4$ lab1_jsingh51_201[Cs[Kmake allcat lab1_jsingh51_201.c [C[C[C[C[C[C[C[C[C[Cvim[C[C[C[C[C[C[C[C[C[C[C[C[C[C[C[C[C[C[C[C[C[C[C[C[C[C[C[C[C[C[Ccat[C[C[C[C[C[C[C[C[C[C[C[C[C[C[C[C[C[C[C[C[C[C[C[C[C[C[C[C[C[C[Cls[Kpwduname -a[4Pdatecat lab1_jsingh51_201.c[C[C[C[C[C[C[C[C[C[Cls[Kdate[1Ppwduname -avim lab1_jsingh51_201.c [C[C[C[C[C[C[C[C[C[Cls[Kpwdcd lab1_jsingh51_201/[C[C[C[C[C[C[C[C[C[C[C[C[C[12PCS262/ls[Krm lab1_jsingh51_201.c [C[C[C[C[C[C[C[C[C[Cls[Kcd ~![2Plscd CS262~[K[2Plscd cs110_unix[C[C[C[C[C[C[C[C[C[Cls[Kcd ~[1P~[1Plspwdscp localhost\C:[C[C[C[C[C[C[C[C[C[Ccat lab1_jsingh51_201[C[C[C[C[C[C[C[C[C[Cls[Kclearscp C:\Users\jared\OneDrive\College\College Work\College Work\Sem2\Low-Level Programming\Lab 1\lab1_jsingh51_201.c [2P  [K[C[C[C[C[C[C[C[C[C[C[C[C[C[Cman[Kmkdir lab1_jsingh51_201[C[C[C[C[C[C[C[C[C[C[15Pcd CS262ls[Kmkdir CS262ls[Krm typescript [C[C[C[C[C[C[C[C[C[Cls[Kogout[2Pexit[2Plsscript[4Plsrm -rf cs110_unix[C[C[C[C[C[C[C[C[C[Cls[Krm typescript[C[C[C[C[C[C[C[C[C[Cls[Kexitcat report.txt[C[C[C[C[C[C[C[C[C[Cls[Kcat report.txt[C[C[C[C[C[C[C[C[C[Cexit[K[2Plsrm typescript[C[C[C[C[C[C[C[C[C[Cls[Krm -rf cs110_unix[C[C[C[C[C[C[C[C[C[Cls[Kscript[4Plsexitlogouts[Krm typescript [C[C[C[C[C[C[C[C[C[Cls[Kmkdir CS262ls[Kcd CS262mkdir lab1_jsingh51_201[C[C[C[C[C[C[C[C[C[Cscp man[KC:\Users\jared\OneDrive\College\College Work\College Work\Sem2\Low-Level Programming\Lab 1 \lab1_jsingh51_201 .c [C[C[C[C[C[C[C[C[C[Cclear[K[3Plscat lab1_jsingh51_201[C[C[C[C[C[C[C[C[C[C[5Pscp localhost\C:[C[C[C[C[C[C[C[C[C[Cpwd[K[1Plscd~ ~[2Plscd cs110_unix[C[C[C[C[C[C[C[C[C[Cls[Kcd ~CS262ls[Kcd !~[2Plsrm lab1_jsingh51_201.c [C[C[C[C[C[C[C[C[C[Cls[Kcd CS262/lab1_jsingh51_201/[C[C[C[C[C[C[C[C[C[Cpwd[K[1Plsvim lab1_jsingh51_201.c [C[C[C[C[C[C[C[C[C[C[16Puname -a[5Ppwddate[2Plscat lab1_jsingh51_201.c[C[C[C[C[C[C[C[C[C[Cdate[Kuname -a[5Ppwd[1Plscat lab1_jsingh51_201.c [C[C[C[C[C[C[C[C[C[Cvim[C[C[C[C[C[C[C[C[C[C[C[C[C[C[C[C[C[C[C[C[C[C[C[C[C[C[C[C[C[C[Ccat[C[C[C[C[C[C[C[C[C[C[C[C[C[C[C[C[C[C[C[C[C[C[C[C[C[C[C[C[C[C[C[16Pmake allls[Kab1_jsingh51_201[C[C[C[C[C[C[C[C[C[C[Klab1_jsingh51_201[C[C[C[C[C[C[C[C[C[C[Cs[Kmake allcat lab1_jsingh51_201.c [C[C[C[C[C[C[C[C[C[Cvim[C[C[C[C[C[C[C[C[C[C[C[C[C[C[C[C[C[C[C[C[C[C[C[C[C[C[C[C[C[C[Ccat[C[C[C[C[C[C[C[C[C[C[C[C[C[C[C[C[C[C[C[C[C[C[C[C[C[C[C[C[C[C[Cls[Kpwduname -a[4Pdatecat lab1_jsingh51_201.c[C[C[C[C[C[C[C[C[C[Cls[Kdate[1Ppwduname -avim lab1_jsingh51_201.c [C[C[C[C[C[C[C[C[C[Cls[Kpwdcd lab1_jsingh51_201/[C[C[C[C[C[C[C[C[C[C[C[C[C[12PCS262/ls[Krm lab1_jsingh51_201.c [C[C[C[C[C[C[C[C[C[Cls[Kcd ~![2Plscd !~[2Plsrm lab1_jsingh51_201.c [C[C[C[C[C[C[C[C[C[Cls[Kcd CS262/lab1_jsingh51_201/[C[C[C[C[C[C[C[C[C[Cpwd[K[1Plsvim lab1_jsingh51_201.c [C[C[C[C[C[C[C[C[C[C[16Puname -a[5Ppwddate[2Plscat lab1_jsingh51_201.c[C[C[C[C[C[C[C[C[C[Cdate[Kuname -a[5Ppwd[1Plscat lab1_jsingh51_201.c [C[C[C[C[C[C[C[C[C[Cvim[C[C[C[C[C[C[C[C[C[C[C[C[C[C[C[C[C[C[C[C[C[C[C[C[C[C[C[C[C[C[Ccat[C[C[C[C[C[C[C[C[C[C[C[C[C[C[C[C[C[C[C[C[C[C[C[C[C[C[C[C[C[C[C[16Pmake allls[Kab1_jsingh51_201[C[C[C[C[C[C[C[C[C[C[Klab1_jsingh51_201[C[C[C[C[C[C[C[C[C[C[Cs[Kmake allcat lab1_jsingh51_201.c [C[C[C[C[C[C[C[C[C[Cvim[C[C[C[C[C[C[C[C[C[C[C[C[C[C[C[C[C[C[C[C[C[C[C[C[C[C[C[C[C[C[Ccat[C[C[C[C[C[C[C[C[C[C[C[C[C[C[C[C[C[C[C[C[C[C[C[C[C[C[C[C[C[C[Cls[Kpwduname -a[4Pdatecat lab1_jsingh51_201.c[C[C[C[C[C[C[C[C[C[Cls[Kdate[1Ppwddate[2Plscat lab1_jsingh51_201.c[C[C[C[C[C[C[C[C[C[Cls[Kdate[1Ppwduname -avim lab1_jsingh51_201.c [C[C[C[C[C[C[C[C[C[Cls[Kpwdcd lab1_jsingh51_201/[C[C[C[C[C[C[C[C[C[C[C[C[C[12PCS262/ls[Krm lab1_jsingh51_201.c [C[C[C[C[C[C[C[C[C[Cls[Kcd ~![2Plscd CS262~[K[2Plscd cs110_unix[C[C[C[C[C[C[C[C[C[Cls[Kcd ~[1P~[1Plspwdscp localhost\C:[C[C[C[C[C[C[C[C[C[Ccat lab1_jsingh51_201[C[C[C[C[C[C[C[C[C[Cls[Kclearscp C:\Users\jared\OneDrive\College\College Work\College Work\Sem2\Low-Level Programming\Lab 1\lab1_jsingh51_201.c [2P  [K[C[C[C[C[C[C[C[C[C[C[C[C[C[Cman[Kmkdir lab1_jsingh51_201[C[C[C[C[C[C[C[C[C[C[15Pcd CS262ls[Kmkdir CS262ls[Krm typescript [C[C[C[C[C[C[C[C[C[Cls[Kogout[2Pexit[2Plsscript[4Plsrm -rf cs110_unix[C[C[C[C[C[C[C[C[C[Cls[Krm typescript[C[C[C[C[C[C[C[C[C[Cls[Kexitcat report.txt[C[C[C[C[C[C[C[C[C[Cls[Kcd ~/cs110_unix/server_maintenance[C[C[C[C[C[C[C[C[C[Cgrep -ir 'Safari' | wc -l >> ~/cs110_unix/server_maintenance/report.txt[C[C[C[C[C[C[C[C[C[Crm -r current[K[C[C[C[C[C[C[C[C[C[Cls[Kcd ~/cs110_unix/server_maintenance/logs[C[C[C[C[C[C[C[C[C[Cls[Kcat observations.dat >>~/cs110_unix/server_maintenance/report.txt[C[C[C[C[C[C[C[C[C[Cls[Kcd ~/cs110_unix/server_maintenance/logs/20180912[K[C[C[C[C[C[C[C[C[C[Cls[Kcd ~/cs110_unix/server_maintenance/logs/20180911[K[C[C[C[C[C[C[C[C[C[C[18Pfind observations.dat[C[C[C[C[C[C[C[C[C[Cls[Kcd logsls[Kfind observations.dat[C[C[C[C[C[C[C[C[C[Cls[Kcd ~/cs110_unix/server_maintenance/[C[C[C[C[C[C[C[C[C[Cls[Kcdfind logs/observations.dat[C[C[C[C[C[C[C[C[C[C[C[C[C[C[C[2P-r observations.dat[C[C[C[C[C[C[C[C[C[C[C[C[C[C[C[CR[C[C[C[C[C[C[C[C[C[C[C[C[C[C[C[C[C[C[C[C[C[C[C[C[C[C[C[C[C[C[C[C[4Pobservation.dats.dat[C[C[C[C[C[C[C[C[C[Ccd ~/cs110_unix/server_maintenance/[C[C[C[C[C[C[C[C[C[Cgrep 'Error' Cluster3.dat >>~/cs110_unix/server_maintenance/report.txt[C[C[C[C[C[C[C[C[C[C[C[C[C[C[C[C[C[C[C[C[C[C[C[C[C[C[C[C[C[C2[C[C[C[C[C[C[C[C[C[C[C[C[C[C[C[C[C[C[C[C[C[C[C[C[C[C[C[C[C[C[C[C[C[C[C[C[C[C[C[C[C[C[C[C[C[C[C[C[C[C[C[C[C[C[C[C[C[C[C[C[C[C[C[C[C[C[C[C[C[C[C[C[C[C[C[C[C[C[C[1@1B[C[C[C[C[C[C[C[C[C[C[C[C[C[C[C[C[C[C[C[C[C[C[C[C[C[C[C[C[C[C[C[C[C[C[C[C[C[C[C[C[C[C[C[C[C[C[C[C[C[C[C[C[C[C[C[C[C[C[C[C[C[C[C[C[C[C[C[C[C[C[C[C[C[C[C[C[C[C[C[CA[C[C[C[C[C[C[C[C[C[C[C[C[C[C[C[C[C[C[C[C[C[C[C[C[C[C[C[C[C[C[C[C[C[C[C[C[C[C[C[C[C[C[C[C[C[C[C[C[C[C[C[C[C[C[C[C[C[C[Cls[Kcd currentls[Kcp -r 20180910 current[C[C[C[C[C[C[C[C[C[C[9Prm -r[C[C[C[C[C[C[C[C[C[C[C[C[C[C[C[C[C[C[6Pcd logsat report.txt[C[C[C[C[C[C[C[C[C[Cvim[C[C[C[C[C[C[C[C[C[C[C[C[C[C[C[C[C[C[C[C[C[2@touch[C[C[C[C[C[C[C[C[C[C[C[C[C[C[C[C[C[C[C[C[Cls[Kcd server_maintenance[C[C[C[C[C[C[C[C[C[Cgit clone https://github.com/GMU-CS110/server_maintenance.git[C[C[C[C[C[C[C[C[C[Ccd cs110_unix[K[C[C[C[C[C[C[C[C[C[C[3@mkdir[C[C[C[C[C[C[C[C[C[C[C[C[C[C[C[C[C[C[C[C[Cls[Kcat typescript[C[C[C[C[C[C[C[C[C[Cls[Kcat typescript[C[C[C[C[C[C[C[C[C[Cls[Kcd ~at report.txt[C[C[C[C[C[C[C[C[C[Cls[Kcd ~/cs110_unix/server_maintenance[C[C[C[C[C[C[C[C[C[Cgrep -ir 'Safari' | wc -l >> ~/cs110_unix/server_maintenance/report.txt[C[C[C[C[C[C[C[C[C[Cls[Krm -r current[C[C[C[C[C[C[C[C[C[Cls[Kcd ~/cs110_unix/server_maintenance/logs[C[C[C[C[C[C[C[C[C[C[Cat observations.dat>>~/cs110_unix/server_maintenance/r[C[C[C[C[C[C[C[C[C[Cls[Kcd ~/cs110_unix/server_maintenance/logs/20180912[C[C[C[C[C[C[C[C[C[C[27Pfind observations.dat[C[C[C[C[C[C[C[C[C[Cls[Kcd logsls[Kcd ~/cs110_unix/server_maintenance/[C[C[C[C[C[C[C[C[C[C[14Pfind observations.dat[C[C[C[C[C[C[C[C[C[Cls[Kcd ~/cs110_unix/server_maintenance/logs/20180912[C[C[C[C[C[C[C[C[C[Cls[Kcd ~/cs110_unix/server_maintenance/logs/20180912[C[C[C[C[C[C[C[C[C[Cls[Kfind observations.dat[C[C[C[C[C[C[C[C[C[Ccd ~/cs110_unix/server_maintenance/[C[C[C[C[C[C[C[C[C[Cls[Kcd logsls[Kfind observations.dat[C[C[C[C[C[C[C[C[C[Ccd ~/cs110_unix/server_maintenance/logs/20180912[C[C[C[C[C[C[C[C[C[Cls[Kcat observations.dat>>~/cs110_unix/server_maintenance/r[C[C[C[C[C[C[C[C[C[C[C[16Pd ~/cs110_unix/server_maintenance/logs[C[C[C[C[C[C[C[C[C[Cls[Krm -r current[C[C[C[C[C[C[C[C[C[Cls[Kgrep -ir 'Safari' | wc -l >> ~/cs110_unix/server_maintenance/report.txt[C[C[C[C[C[C[C[C[C[C[37Pcd ~/cs110_unix/server_maintenance[C[C[C[C[C[C[C[C[C[Cls[Kcat report.txt[C[C[C[C[C[C[C[C[C[C[Cd ~[K[2Plscat typescript[C[C[C[C[C[C[C[C[C[Cls[Kcat typescript[C[C[C[C[C[C[C[C[C[Cls[Kmkdir cs110_unix[C[C[C[C[C[C[C[C[C[C[3Pcd[C[C[C[C[C[C[C[C[C[C[C[C[C[C[C[C[C[C[C[C[Cgit clone https://github.com/GMU-CS110/server_maintenance.git[C[C[C[C[C[C[C[C[C[C[40Pcd server_maintenance[C[C[C[C[C[C[C[C[C[Cls[Ktouch report.txt[C[C[C[C[C[C[C[C[C[C[2Pvim[C[C[C[C[C[C[C[C[C[C[C[C[C[C[C[C[C[C[C[C[Ccat[C[C[C[C[C[C[C[C[C[C[C[C[C[C[C[C[C[C[C[C[C[C[7Pd logsrm -r current[C[C[C[C[C[C[C[C[C[C[9@cp -r 20180910[C[C[C[C[C[C[C[C[C[C[C[C[C[C[C[C[C[Cls[Kcd currentls[Kgrep 'Error' Cluster1A.dat >>~/cs110_unix/server_maintenance/report.txt[C[C[C[C[C[C[C[C[C[C[C[C[C[C[C[C[C[C[C[C[C[C[C[C[C[C[C[C[C[C[CB[C[C[C[C[C[C[C[C[C[C[C[C[C[C[C[C[C[C[C[C[C[C[C[C[C[C[C[C[C[C[C[C[C[C[C[C[C[C[C[C[C[C[C[C[C[C[C[C[C[C[C[C[C[C[C[C[C[C[C[C[C[C[C[C[C[C[C[C[C[C[C[C[C[C[C[C[C[C[C[1P2[C[C[C[C[C[C[C[C[C[C[C[C[C[C[C[C[C[C[C[C[C[C[C[C[C[C[C[C[C[C[C[C[C[C[C[C[C[C[C[C[C[C[C[C[C[C[C[C[C[C[C[C[C[C[C[C[C[C[C[C[C[C[C[C[C[C[C[C[C[C[C[C[C[C[C[C[C[C[C3[C[C[C[C[C[C[C[C[C[C[C[C[C[C[C[C[C[C[C[C[C[C[C[C[C[C[C[C[C[C[C[C[C[C[C[C[C[C[C[C[C[C[C[C[C[C[C[C[C[C[C[C[C[C[C[C[C[C[C[35Pcd ~/cs110_unix/server_maintenance/[C[C[C[C[C[C[C[C[C[C[14Pfind observations.dat[1P.dat-R observations.dat[C[C[C[C[C[C[C[C[C[C[C[C[C[C[C[Cr[C[C[C[C[C[C[C[C[C[C[C[C[C[C[C[C[C[C[C[C[C[C[C[C[C[C[C[C[C[C[C[Clogs/observations.dat[C[C[C[C[C[C[C[C[C[Ccd[Klscd ~/cs110_unix/server_maintenance/[C[C[C[C[C[C[C[C[C[Cls[Kfind observations.dat[C[C[C[C[C[C[C[C[C[Cls[Kcd logsls[Kfind observations.dat[C[C[C[C[C[C[C[C[C[Ccd ~/cs110_unix/server_maintenance/logs/20180911[C[C[C[C[C[C[C[C[C[Cls[Kcd ~/cs110_unix/server_maintenance/logs/20180912[C[C[C[C[C[C[C[C[C[Cls[Kcat observations.dat >>~/cs110_unix/server_maintenance/report.txt[C[C[C[C[C[C[C[C[C[Cls[Kcd ~/cs110_unix/server_maintenance/logs[C[C[C[C[C[C[C[C[C[Cls[Krm -r current[C[C[C[C[C[C[C[C[C[Cgrep -ir 'Safari' | wc -l >> ~/cs110_unix/server_maintenance/report.txt[C[C[C[C[C[C[C[C[C[C[37Pcd ~/cs110_unix/server_maintenance[C[C[C[C[C[C[C[C[C[Cls[Kcat report.txt[C[C[C[C[C[C[C[C[C[Cexit[K[2Plsrm typescript[C[C[C[C[C[C[C[C[C[Cls[Krm -rf cs110_unix[C[C[C[C[C[C[C[C[C[Cls[Kscript[4Plsexitlogouts[Krm typescript [C[C[C[C[C[C[C[C[C[Cls[Kmkdir CS262ls[Kcd CS262mkdir lab1_jsingh51_201[C[C[C[C[C[C[C[C[C[Cscp man[KC:\Users\jared\OneDrive\College\College Work\College Work\Sem2\Low-Level Programming\Lab 1 \lab1_jsingh51_201 .c [C[C[C[C[C[C[C[C[C[Cclear[K[3Plscat lab1_jsingh51_201[C[C[C[C[C[C[C[C[C[C[5Pscp localhost\C:[C[C[C[C[C[C[C[C[C[Cpwd[K[1Plscd~ ~[2Plscd cs110_unix[C[C[C[C[C[C[C[C[C[Cls[Kcd ~CS262ls[Kcd !~[2Plsrm lab1_jsingh51_201.c [C[C[C[C[C[C[C[C[C[Cls[Kcd CS262/lab1_jsingh51_201/[C[C[C[C[C[C[C[C[C[C[C[C[C[12PCS262/ls[Krm lab1_jsingh51_201.c [C[C[C[C[C[C[C[C[C[Cls[Kcd CS262/lab1_jsingh51_201/[C[C[C[C[C[C[C[C[C[Cpwd[K[1Plsvim lab1_jsingh51_201.c [C[C[C[C[C[C[C[C[C[C[16Puname -a[5Ppwddate[2Plscat lab1_jsingh51_201.c[C[C[C[C[C[C[C[C[C[Cdate[Kuname -a[5Ppwd[1Plscat lab1_jsingh51_201.c [C[C[C[C[C[C[C[C[C[Cvim[C[C[C[C[C[C[C[C[C[C[C[C[C[C[C[C[C[C[C[C[C[C[C[C[C[C[C[C[C[C[Ccat[C[C[C[C[C[C[C[C[C[C[C[C[C[C[C[C[C[C[C[C[C[C[C[C[C[C[C[C[C[C[Cvim[C[C[C[C[C[C[C[C[C[C[C[C[C[C[C[C[C[C[C[C[C[C[C[C[C[C[C[C[C[C[Ccat[C[C[C[C[C[C[C[C[C[C[C[C[C[C[C[C[C[C[C[C[C[C[C[C[C[C[C[C[C[C[Cls[Kpwduname -a[4Pdatecat lab1_jsingh51_201.c[C[C[C[C[C[C[C[C[C[Cls[Kdate[1Ppwduname -avim lab1_jsingh51_201.c [C[C[C[C[C[C[C[C[C[Cls[Kpwdcd lab1_jsingh51_201/[C[C[C[C[C[C[C[C[C[C[C[C[C[12PCS262/ls[Krm lab1_jsingh51_201.c [C[C[C[C[C[C[C[C[C[Cls[Kcd ~![2Plscd CS262~[K[2Plscd cs110_unix[C[C[C[C[C[C[C[C[C[Cls[Kcd ~[1P~[1Plspwdscp localhost\C:[C[C[C[C[C[C[C[C[C[Ccat lab1_jsingh51_201[C[C[C[C[C[C[C[C[C[Cls[Kclearscp C:\Users\jared\OneDrive\College\College Work\College Work\Sem2\Low-Level Programming\Lab 1\lab1_jsingh51_201.c [2P  [K[C[C[C[C[C[C[C[C[C[C[C[C[C[Cman[Kmkdir lab1_jsingh51_201[C[C[C[C[C[C[C[C[C[C[15Pcd CS262ls[Kmkdir CS262ls[Krm typescript [C[C[C[C[C[C[C[C[C[Cls[Kogouts[Krm typescript [C[C[C[C[C[C[C[C[C[Cls[Kogout[2Pexit[2Plsscript[4Plsrm -rf cs110_unix[C[C[C[C[C[C[C[C[C[Cls[Krm typescript[C[C[C[C[C[C[C[C[C[Cls[Krm -rf cs110_unix[K[K[K[K[K[K[K[K[K[K[K[K[K[K[K[K[K/[K./lab1_jsingh51_201 
Hello World! my name is Jared
bash-4.4$ rm lab1_jsingh51_201
bash-4.4$ ls
lab1_jsingh51_201.c  lab1Script_jsingh51_201  Makefile
bash-4.4$ gcc lab1_jsingh51_201.c -0[Ko lab1_jsingh51_201 -Wall
bash-4.4$ ls
lab1_jsingh51_201  lab1_jsingh51_201.c	lab1Script_jsingh51_201  Makefile
bash-4.4$ ./lab1_jsingh51_201 
Hello World! my name is Jared
bash-4.4$ exit

Script done on 2024-01-18 17:13:55-05:00
