Script started on 2024-03-12 12:58:51-04:00
bash-4.4$ exitmake [3Plscat Makefile [11@lab6_jsingh51_201.c[C[C[C[C[C[C[C[C[C[C[Cls[Kpwduname -a[4Pexituname -a
Linux zeus-2.cec.gmu.edu 4.18.0-348.23.1.el8_5.x86_64 #1 SMP Tue Apr 12 11:20:32 EDT 2022 x86_64 x86_64 x86_64 GNU/Linux
bash-4.4$ uname -a[4Pexitmake [3Plscat Makefile [11@lab6_jsingh51_201.c[C[C[C[C[C[C[C[C[C[C[Cls[Kpwduname -a[5Ppwd
/home/jsingh51/CS262/lab6_jsingh51_201
bash-4.4$ la[Ks
lab6_jsingh51_201  lab6_jsingh51_201.c	lab6_typescript_jsingh51_201  Makefile
bash-4.4$ cat lab6_jsingh51_201.c 
/*
Jared Singh, G01416039
CS 262, Lab Section 201
Lab6

Takes 2 ints from commandline, makes array, shuffles then sorts
displays all steps

*/

#include <stdio.h>
#include <stdlib.h>

// Comparisson for qsort()
int cmpInt(const void *a, const void *b)
{
    return (*(int *)a - *(int *)b);
}

// prints int array in [ a b c ] format
void printIntArr(int *arr, int size)
{
    printf("[ ");
    for (int i = 0; i < size; i++)
    {
        printf("%d ", arr[i]);
    }
    printf("]");

    printf("\n\n");
}

// shuffles an int array
void PerfectShuffle(int *numArr, int size)
{

    for (int i = size - 1; i >= 1; i--)
    {
        int temp = numArr[i];
        int j = rand() % i;
        numArr[i] = numArr[j];
        numArr[j] = temp;
    }
}

// fills an int array with 1-size
void InitArray(int *numArr, int size)
{
    for (int i = 0; i < size; i++)
    {
        numArr[i] = i + 1;
    }
}

// checks if size is valid, then allocates memory
void getMemory(int *numArr, int size)
{

    if (size > 500 || size < 2)
    {
        printf("Invalid size: Quitting...");
        exit(-1);
    }
    numArr = malloc(sizeof(int) * size);

    if (numArr == NULL)
    {
        printf("Memory Allocation Error: Quitting...\n");
        exit(-1);
    }
}

int main(int argc, char *argv[])
{
    // Check validity of Args
    if (argc < 2)
    {
        printf("Invalid Arguments: Quitting...\n");
        exit(-1);
    }

    // Set rand seed & Size vars from CLA
    srand(atoi(argv[1]));
    int size = atoi(argv[2]);
    int *numArr;
    getMemory(numArr, size);

    printf("**********\n1-%d arrays will generated, randomized, sorted and displayed 10 times:\n", size);

    // loops 10 times
    for (int i = 0; i < 10; i++)
    {
        printf("----------\n");

        InitArray(numArr, size);
        printf("Initilized Array: ");
        printIntArr(numArr, size);

        PerfectShuffle(numArr, size);
        printf("Shuffled Array: ");
        printIntArr(numArr, size);

        qsort(numArr, size, sizeof(int), cmpInt);
        printf("Sorted Array: ");
        printIntArr(numArr, size);

        printf("----------\n\n");
    }
    printf("**********");

    free(numArr);
}

bash-4.4$ ls[K[Kcat Makefile 
#Jared Singh, G01416039
#CS 262, Lab Section 201
#Lab6
CC = gcc
LIBS = -lm
TARGET = lab6_jsingh51_201
CFLAGS = -g -Wall -std=c99 -pedantic-errors
all: $(TARGET).c
	$(CC) $(TARGET).c -o $(TARGET) $(CFLAGS) $(LIBS)
lab6:: $(TARGET).c
	$(CC) $(TARGET).c -o $(TARGET) $(CFLAGS) $(LIBS)
clean:
	rm $(TARGET)

bash-4.4$ make clean
rm lab6_jsingh51_201
bash-4.4$ ls
lab6_jsingh51_201.c  lab6_typescript_jsingh51_201  Makefile
bash-4.4$ make all
gcc lab6_jsingh51_201.c -o lab6_jsingh51_201 -g -Wall -std=c99 -pedantic-errors -lm
[01m[Klab6_jsingh51_201.c:[m[K In function â€˜[01m[Kmain[m[Kâ€™:
[01m[Klab6_jsingh51_201.c:86:5:[m[K [01;35m[Kwarning: [m[Kâ€˜[01m[KnumArr[m[Kâ€™ may be used uninitialized in this function [[01;35m[K-Wmaybe-uninitialized[m[K]
     [01;35m[KgetMemory(numArr, size)[m[K;
     [01;35m[K^~~~~~~~~~~~~~~~~~~~~~~[m[K
bash-4.4$ ls
lab6_jsingh51_201  lab6_jsingh51_201.c	lab6_typescript_jsingh51_201  Makefile
bash-4.4$ ./ [Klab6_jsingh51_201 
Invalid Arguments: Quitting...
bash-4.4$ ./lab6_jsingh51_201 500 10
**********
1-10 arrays will generated, randomized, sorted and displayed 10 times:
----------
Initilized Array: [ 1 2 3 4 5 6 7 8 9 10 ]

Shuffled Array: [ 6 5 4 1 10 9 3 7 2 8 ]

Sorted Array: [ 1 2 3 4 5 6 7 8 9 10 ]

----------

----------
Initilized Array: [ 1 2 3 4 5 6 7 8 9 10 ]

Shuffled Array: [ 2 10 8 3 9 1 4 5 6 7 ]

Sorted Array: [ 1 2 3 4 5 6 7 8 9 10 ]

----------

----------
Initilized Array: [ 1 2 3 4 5 6 7 8 9 10 ]

Shuffled Array: [ 8 1 6 3 10 7 2 5 4 9 ]

Sorted Array: [ 1 2 3 4 5 6 7 8 9 10 ]

----------

----------
Initilized Array: [ 1 2 3 4 5 6 7 8 9 10 ]

Shuffled Array: [ 9 3 1 5 6 2 10 7 8 4 ]

Sorted Array: [ 1 2 3 4 5 6 7 8 9 10 ]

----------

----------
Initilized Array: [ 1 2 3 4 5 6 7 8 9 10 ]

Shuffled Array: [ 9 10 7 6 1 2 5 3 4 8 ]

Sorted Array: [ 1 2 3 4 5 6 7 8 9 10 ]

----------

----------
Initilized Array: [ 1 2 3 4 5 6 7 8 9 10 ]

Shuffled Array: [ 9 5 4 2 6 7 10 1 3 8 ]

Sorted Array: [ 1 2 3 4 5 6 7 8 9 10 ]

----------

----------
Initilized Array: [ 1 2 3 4 5 6 7 8 9 10 ]

Shuffled Array: [ 9 8 5 10 2 3 1 7 4 6 ]

Sorted Array: [ 1 2 3 4 5 6 7 8 9 10 ]

----------

----------
Initilized Array: [ 1 2 3 4 5 6 7 8 9 10 ]

Shuffled Array: [ 10 9 8 6 3 2 5 4 1 7 ]

Sorted Array: [ 1 2 3 4 5 6 7 8 9 10 ]

----------

----------
Initilized Array: [ 1 2 3 4 5 6 7 8 9 10 ]

Shuffled Array: [ 2 5 6 10 3 4 9 1 8 7 ]

Sorted Array: [ 1 2 3 4 5 6 7 8 9 10 ]

----------

----------
Initilized Array: [ 1 2 3 4 5 6 7 8 9 10 ]

Shuffled Array: [ 10 7 9 3 2 8 4 1 6 5 ]

Sorted Array: [ 1 2 3 4 5 6 7 8 9 10 ]

----------

**********
bash-4.4$ make clean
rm lab6_jsingh51_201
bash-4.4$ exit
exit

Script done on 2024-03-12 13:00:46-04:00
